<html>
<body>
<pre>
<h1>µVision Build Log</h1>
<h2>Tool Versions:</h2>
IDE-Version: ¦ÌVision V5.43.1.0
Copyright (C) 2025 ARM Ltd and ARM Germany GmbH. All rights reserved.
License Information: tong60536 2454232, HP Inc., LIC=9WSKC-70Q5I-TGX7T-RXRBQ-V1YVM-4NP9N
 
Tool Versions:
Toolchain:       MDK-ARM Plus  Version: 5.43.0.0
Toolchain Path:  D:\keil543a\Core\ARM\ARMCLANG\Bin
C Compiler:      ArmClang.exe V6.24
Assembler:       Armasm.exe V6.24
Linker/Locator:  ArmLink.exe V6.24
Library Manager: ArmAr.exe V6.24
Hex Converter:   FromElf.exe V6.24
CPU DLL:         SARMCM3.DLL V5.43.0.0
Dialog DLL:      DCM.DLL V1.17.5.0
Target DLL:      STLink\ST-LINKIII-KEIL_SWO.dll V3.3.1.0
Dialog DLL:      TCM.DLL V1.56.6.0
 
<h2>Project:</h2>
d:\Desktoptrue\EDU\XIDIANDS\Work\AI_Test\2025G\MDK-ARM\2025G.uvprojx
Project File Date:  07/05/2026

<h2>Output:</h2>
*** Using Compiler 'V6.24', folder: 'D:\keil543a\Core\ARM\ARMCLANG\Bin'
Build target '2025G'
compiling stm32h7xx_it.c...
assembling startup_stm32h723xx.s...
compiling rlc_app.c...
compiling dac.c...
compiling dma.c...
compiling adc.c...
compiling stm32h7xx_hal_msp.c...
compiling stm32h7xx_hal_dma_ex.c...
compiling main.c...
compiling fmac.c...
compiling stm32h7xx_hal_gpio.c...
compiling stm32h7xx_hal_rcc_ex.c...
compiling stm32h7xx_hal_hsem.c...
compiling stm32h7xx_hal_flash.c...
compiling gpio.c...
compiling tim.c...
compiling stm32h7xx_hal_flash_ex.c...
compiling usart.c...
compiling stm32h7xx_hal_adc_ex.c...
compiling stm32h7xx_hal_pwr.c...
compiling stm32h7xx_hal_cortex.c...
compiling stm32h7xx_hal_pwr_ex.c...
compiling rlc_display.c...
compiling stm32h7xx_hal_rcc.c...
compiling stm32h7xx_hal_mdma.c...
compiling stm32h7xx_hal_i2c_ex.c...
compiling stm32h7xx_hal.c...
compiling stm32h7xx_hal_dma.c...
compiling stm32h7xx_hal_dac.c...
compiling stm32h7xx_hal_exti.c...
compiling rlc_filter.c...
compiling stm32h7xx_hal_dac_ex.c...
compiling stm32h7xx_hal_adc.c...
compiling system_stm32h7xx.c...
compiling stm32h7xx_hal_uart_ex.c...
compiling stm32h7xx_hal_fmac.c...
compiling stm32h7xx_hal_tim_ex.c...
compiling stm32h7xx_hal_uart.c...
compiling stm32h7xx_hal_tim.c...
compiling stm32h7xx_hal_i2c.c...
linking...
Program Size: Code=57400 RO-data=1152 RW-data=28 ZI-data=22156  
FromELF: creating hex file...
"2025G\2025G.axf" - 0 Error(s), 0 Warning(s).

<h2>Software Packages used:</h2>

Package Vendor: ARM
                https://www.keil.com/pack/ARM.CMSIS.6.2.0.pack
                ARM::CMSIS@6.2.0
                CMSIS (Common Microcontroller Software Interface Standard)
   * Component: CORE Version: 6.1.1

Package Vendor: Keil
                https://www.keil.com/pack/Keil.STM32H7xx_DFP.4.1.3.pack
                Keil::STM32H7xx_DFP@4.1.3
                STMicroelectronics STM32H7 Series Device Support

<h2>Collection of Component include folders:</h2>
  ./RTE/_2025G
  D:/keil543a/Pack/ARM/CMSIS/6.2.0/CMSIS/Core/Include

<h2>Collection of Component Files used:</h2>

   * Component: ARM::CMSIS:CORE@6.1.1
      Include file:  CMSIS/Core/Include/tz_context.h
Build Time Elapsed:  00:00:02
</pre>
</body>
</html>
